// Jest Snapshot v1, https://goo.gl/fbAQLP

exports[`Pruebas en componente FirstApp debe de hacer match con el snaoshot 1`] = `
<div>
  <h1
    data-testid="test-title"
  >
     
    Hola soy goku
     
  </h1>
  <p>
    No hay subtitulo
  </p>
  <p>
    No hay subtitulo
  </p>
  <p>
    Ignacio Alvarado
  </p>
</div>
`;
